Archive member included to satisfy reference by file (symbol)

c:/gccarm52/bin/../lib/gcc/arm-none-eabi/5.2.1/../../../../arm-none-eabi/lib/armv6-m\libc_nano.a(lib_a-exit.o)
                              c:/gccarm52/bin/../lib/gcc/arm-none-eabi/5.2.1/../../../../arm-none-eabi/lib/armv6-m/crt0.o (exit)
c:/gccarm52/bin/../lib/gcc/arm-none-eabi/5.2.1/../../../../arm-none-eabi/lib/armv6-m\libc_nano.a(lib_a-impure.o)
                              c:/gccarm52/bin/../lib/gcc/arm-none-eabi/5.2.1/../../../../arm-none-eabi/lib/armv6-m\libc_nano.a(lib_a-exit.o) (_global_impure_ptr)
c:/gccarm52/bin/../lib/gcc/arm-none-eabi/5.2.1/../../../../arm-none-eabi/lib/armv6-m\libc_nano.a(lib_a-init.o)
                              c:/gccarm52/bin/../lib/gcc/arm-none-eabi/5.2.1/../../../../arm-none-eabi/lib/armv6-m/crt0.o (__libc_init_array)
c:/gccarm52/bin/../lib/gcc/arm-none-eabi/5.2.1/../../../../arm-none-eabi/lib/armv6-m\libc_nano.a(lib_a-memset.o)
                              c:/gccarm52/bin/../lib/gcc/arm-none-eabi/5.2.1/../../../../arm-none-eabi/lib/armv6-m/crt0.o (memset)
c:/gccarm52/bin/../lib/gcc/arm-none-eabi/5.2.1/../../../../arm-none-eabi/lib/armv6-m\libnosys.a(_exit.o)
                              c:/gccarm52/bin/../lib/gcc/arm-none-eabi/5.2.1/../../../../arm-none-eabi/lib/armv6-m\libc_nano.a(lib_a-exit.o) (_exit)
c:/gccarm52/bin/../lib/gcc/arm-none-eabi/5.2.1/armv6-m\libgcc.a(_udivsi3.o)
                              _build/pstorage.o (__aeabi_uidiv)
c:/gccarm52/bin/../lib/gcc/arm-none-eabi/5.2.1/armv6-m\libgcc.a(_divsi3.o)
                              _build/pstorage.o (__aeabi_idiv)
c:/gccarm52/bin/../lib/gcc/arm-none-eabi/5.2.1/armv6-m\libgcc.a(_dvmd_tls.o)
                              c:/gccarm52/bin/../lib/gcc/arm-none-eabi/5.2.1/armv6-m\libgcc.a(_udivsi3.o) (__aeabi_idiv0)
c:/gccarm52/bin/../lib/gcc/arm-none-eabi/5.2.1/../../../../arm-none-eabi/lib/armv6-m\libc_nano.a(lib_a-memcmp.o)
                              _build/device_manager_peripheral.o (memcmp)
c:/gccarm52/bin/../lib/gcc/arm-none-eabi/5.2.1/../../../../arm-none-eabi/lib/armv6-m\libc_nano.a(lib_a-memcpy-stub.o)
                              _build/pstorage.o (memcpy)
c:/gccarm52/bin/../lib/gcc/arm-none-eabi/5.2.1/../../../../arm-none-eabi/lib/armv6-m\libc_nano.a(lib_a-strlen.o)
                              _build/main.o (strlen)

Allocating common symbols
Common symbol       size              file

__stdin             0x68              _build/retarget.o
__stdout            0x68              _build/retarget.o

Discarded input sections

 .text          0x00000000        0x0 c:/gccarm52/bin/../lib/gcc/arm-none-eabi/5.2.1/armv6-m/crti.o
 .data          0x00000000        0x0 c:/gccarm52/bin/../lib/gcc/arm-none-eabi/5.2.1/armv6-m/crti.o
 .bss           0x00000000        0x0 c:/gccarm52/bin/../lib/gcc/arm-none-eabi/5.2.1/armv6-m/crti.o
 .data          0x00000000        0x4 c:/gccarm52/bin/../lib/gcc/arm-none-eabi/5.2.1/armv6-m/crtbegin.o
 .data          0x00000000        0x0 c:/gccarm52/bin/../lib/gcc/arm-none-eabi/5.2.1/../../../../arm-none-eabi/lib/armv6-m/crt0.o
 .bss           0x00000000        0x0 c:/gccarm52/bin/../lib/gcc/arm-none-eabi/5.2.1/../../../../arm-none-eabi/lib/armv6-m/crt0.o
 .ARM.extab     0x00000000        0x0 c:/gccarm52/bin/../lib/gcc/arm-none-eabi/5.2.1/../../../../arm-none-eabi/lib/armv6-m/crt0.o
 .text          0x00000000        0x0 c:/gccarm52/bin/../lib/gcc/arm-none-eabi/5.2.1/../../../../arm-none-eabi/lib/armv6-m\libc_nano.a(lib_a-exit.o)
 .data          0x00000000        0x0 c:/gccarm52/bin/../lib/gcc/arm-none-eabi/5.2.1/../../../../arm-none-eabi/lib/armv6-m\libc_nano.a(lib_a-exit.o)
 .bss           0x00000000        0x0 c:/gccarm52/bin/../lib/gcc/arm-none-eabi/5.2.1/../../../../arm-none-eabi/lib/armv6-m\libc_nano.a(lib_a-exit.o)
 .text          0x00000000        0x0 c:/gccarm52/bin/../lib/gcc/arm-none-eabi/5.2.1/../../../../arm-none-eabi/lib/armv6-m\libc_nano.a(lib_a-impure.o)
 .data          0x00000000        0x0 c:/gccarm52/bin/../lib/gcc/arm-none-eabi/5.2.1/../../../../arm-none-eabi/lib/armv6-m\libc_nano.a(lib_a-impure.o)
 .bss           0x00000000        0x0 c:/gccarm52/bin/../lib/gcc/arm-none-eabi/5.2.1/../../../../arm-none-eabi/lib/armv6-m\libc_nano.a(lib_a-impure.o)
 .data._impure_ptr
                0x00000000        0x4 c:/gccarm52/bin/../lib/gcc/arm-none-eabi/5.2.1/../../../../arm-none-eabi/lib/armv6-m\libc_nano.a(lib_a-impure.o)
 .text          0x00000000        0x0 c:/gccarm52/bin/../lib/gcc/arm-none-eabi/5.2.1/../../../../arm-none-eabi/lib/armv6-m\libc_nano.a(lib_a-init.o)
 .data          0x00000000        0x0 c:/gccarm52/bin/../lib/gcc/arm-none-eabi/5.2.1/../../../../arm-none-eabi/lib/armv6-m\libc_nano.a(lib_a-init.o)
 .bss           0x00000000        0x0 c:/gccarm52/bin/../lib/gcc/arm-none-eabi/5.2.1/../../../../arm-none-eabi/lib/armv6-m\libc_nano.a(lib_a-init.o)
 .text          0x00000000        0x0 c:/gccarm52/bin/../lib/gcc/arm-none-eabi/5.2.1/../../../../arm-none-eabi/lib/armv6-m\libc_nano.a(lib_a-memset.o)
 .data          0x00000000        0x0 c:/gccarm52/bin/../lib/gcc/arm-none-eabi/5.2.1/../../../../arm-none-eabi/lib/armv6-m\libc_nano.a(lib_a-memset.o)
 .bss           0x00000000        0x0 c:/gccarm52/bin/../lib/gcc/arm-none-eabi/5.2.1/../../../../arm-none-eabi/lib/armv6-m\libc_nano.a(lib_a-memset.o)
 .text          0x00000000        0x0 c:/gccarm52/bin/../lib/gcc/arm-none-eabi/5.2.1/../../../../arm-none-eabi/lib/armv6-m\libnosys.a(_exit.o)
 .data          0x00000000        0x0 c:/gccarm52/bin/../lib/gcc/arm-none-eabi/5.2.1/../../../../arm-none-eabi/lib/armv6-m\libnosys.a(_exit.o)
 .bss           0x00000000        0x0 c:/gccarm52/bin/../lib/gcc/arm-none-eabi/5.2.1/../../../../arm-none-eabi/lib/armv6-m\libnosys.a(_exit.o)
 .text          0x00000000        0x0 _build/app_button.o
 .data          0x00000000        0x0 _build/app_button.o
 .bss           0x00000000        0x0 _build/app_button.o
 .text.detection_delay_timeout_handler
                0x00000000       0xa0 _build/app_button.o
 .text.gpiote_event_handler
                0x00000000       0x5c _build/app_button.o
 .text.app_button_init
                0x00000000       0xb4 _build/app_button.o
 .text.app_button_enable
                0x00000000       0x30 _build/app_button.o
 .text.app_button_disable
                0x00000000       0x34 _build/app_button.o
 .text.app_button_is_pushed
                0x00000000       0x2c _build/app_button.o
 .bss.m_detection_delay
                0x00000000        0x4 _build/app_button.o
 .bss.mp_buttons
                0x00000000        0x4 _build/app_button.o
 .bss.m_button_count
                0x00000000        0x1 _build/app_button.o
 .bss.m_detection_delay_timer_id_data
                0x00000000       0x20 _build/app_button.o
 .bss.m_pin_state
                0x00000000        0x4 _build/app_button.o
 .rodata.m_detection_delay_timer_id
                0x00000000        0x4 _build/app_button.o
 .bss.m_pin_transition
                0x00000000        0x4 _build/app_button.o
 .comment       0x00000000       0x6f _build/app_button.o
 .ARM.attributes
                0x00000000       0x31 _build/app_button.o
 .text          0x00000000        0x0 _build/app_error.o
 .data          0x00000000        0x0 _build/app_error.o
 .bss           0x00000000        0x0 _build/app_error.o
 .text          0x00000000        0x0 _build/app_timer.o
 .data          0x00000000        0x0 _build/app_timer.o
 .bss           0x00000000        0x0 _build/app_timer.o
 .text.app_timer_stop_all
                0x00000000       0xc4 _build/app_timer.o
 .text.app_timer_cnt_get
                0x00000000       0x14 _build/app_timer.o
 .text.app_timer_cnt_diff_compute
                0x00000000        0xc _build/app_timer.o
 .text          0x00000000        0x0 _build/app_trace.o
 .data          0x00000000        0x0 _build/app_trace.o
 .bss           0x00000000        0x0 _build/app_trace.o
 .comment       0x00000000       0x6f _build/app_trace.o
 .ARM.attributes
                0x00000000       0x31 _build/app_trace.o
 .text          0x00000000        0x0 _build/nrf_assert.o
 .data          0x00000000        0x0 _build/nrf_assert.o
 .bss           0x00000000        0x0 _build/nrf_assert.o
 .comment       0x00000000       0x6f _build/nrf_assert.o
 .ARM.attributes
                0x00000000       0x31 _build/nrf_assert.o
 .text          0x00000000        0x0 _build/retarget.o
 .data          0x00000000        0x0 _build/retarget.o
 .bss           0x00000000        0x0 _build/retarget.o
 .text._write   0x00000000       0x1c _build/retarget.o
 .text._read    0x00000000       0x14 _build/retarget.o
 .comment       0x00000000       0x6f _build/retarget.o
 .ARM.attributes
                0x00000000       0x31 _build/retarget.o
 COMMON         0x00000000       0xd0 _build/retarget.o
 .text          0x00000000        0x0 _build/app_uart.o
 .data          0x00000000        0x0 _build/app_uart.o
 .bss           0x00000000        0x0 _build/app_uart.o
 .text.uart_event_handler
                0x00000000       0x70 _build/app_uart.o
 .text.app_uart_init
                0x00000000       0x8c _build/app_uart.o
 .text.app_uart_get
                0x00000000       0x20 _build/app_uart.o
 .text.app_uart_put
                0x00000000       0x28 _build/app_uart.o
 .text.app_uart_flush
                0x00000000        0x4 _build/app_uart.o
 .text.app_uart_close
                0x00000000        0xc _build/app_uart.o
 .rodata        0x00000000       0x20 _build/app_uart.o
 .bss.tx_buffer
                0x00000000        0x1 _build/app_uart.o
 .bss.m_event_handler
                0x00000000        0x4 _build/app_uart.o
 .bss.rx_buffer
                0x00000000        0x1 _build/app_uart.o
 .bss.rx_done   0x00000000        0x1 _build/app_uart.o
 .comment       0x00000000       0x6f _build/app_uart.o
 .ARM.attributes
                0x00000000       0x31 _build/app_uart.o
 .text          0x00000000        0x0 _build/nrf_delay.o
 .data          0x00000000        0x0 _build/nrf_delay.o
 .bss           0x00000000        0x0 _build/nrf_delay.o
 .text.nrf_delay_ms
                0x00000000       0x3c _build/nrf_delay.o
 .comment       0x00000000       0x6f _build/nrf_delay.o
 .ARM.attributes
                0x00000000       0x31 _build/nrf_delay.o
 .text          0x00000000        0x0 _build/nrf_drv_common.o
 .data          0x00000000        0x0 _build/nrf_drv_common.o
 .bss           0x00000000        0x0 _build/nrf_drv_common.o
 .text.nrf_drv_common_irq_enable
                0x00000000       0x7c _build/nrf_drv_common.o
 .comment       0x00000000       0x6f _build/nrf_drv_common.o
 .ARM.attributes
                0x00000000       0x31 _build/nrf_drv_common.o
 .text          0x00000000        0x0 _build/nrf_drv_gpiote.o
 .data          0x00000000        0x0 _build/nrf_drv_gpiote.o
 .bss           0x00000000        0x0 _build/nrf_drv_gpiote.o
 .text.nrf_drv_gpiote_init
                0x00000000       0x68 _build/nrf_drv_gpiote.o
 .text.nrf_drv_gpiote_is_init
                0x00000000       0x14 _build/nrf_drv_gpiote.o
 .text.nrf_drv_gpiote_uninit
                0x00000000       0xf0 _build/nrf_drv_gpiote.o
 .text.nrf_drv_gpiote_out_init
                0x00000000       0xdc _build/nrf_drv_gpiote.o
 .text.nrf_drv_gpiote_out_uninit
                0x00000000       0x48 _build/nrf_drv_gpiote.o
 .text.nrf_drv_gpiote_out_set
                0x00000000       0x10 _build/nrf_drv_gpiote.o
 .text.nrf_drv_gpiote_out_clear
                0x00000000       0x14 _build/nrf_drv_gpiote.o
 .text.nrf_drv_gpiote_out_toggle
                0x00000000       0x2c _build/nrf_drv_gpiote.o
 .text.nrf_drv_gpiote_out_task_enable
                0x00000000       0x38 _build/nrf_drv_gpiote.o
 .text.nrf_drv_gpiote_out_task_disable
                0x00000000       0x28 _build/nrf_drv_gpiote.o
 .text.nrf_drv_gpiote_out_task_addr_get
                0x00000000       0x20 _build/nrf_drv_gpiote.o
 .text.nrf_drv_gpiote_out_task_force
                0x00000000       0x38 _build/nrf_drv_gpiote.o
 .text.nrf_drv_gpiote_out_task_trigger
                0x00000000       0x20 _build/nrf_drv_gpiote.o
 .text.nrf_drv_gpiote_in_init
                0x00000000      0x160 _build/nrf_drv_gpiote.o
 .text.nrf_drv_gpiote_in_event_enable
                0x00000000       0xa8 _build/nrf_drv_gpiote.o
 .text.nrf_drv_gpiote_in_event_disable
                0x00000000       0x5c _build/nrf_drv_gpiote.o
 .text.nrf_drv_gpiote_in_uninit
                0x00000000       0xa8 _build/nrf_drv_gpiote.o
 .text.nrf_drv_gpiote_in_is_set
                0x00000000       0x14 _build/nrf_drv_gpiote.o
 .text.nrf_drv_gpiote_in_event_addr_get
                0x00000000       0x20 _build/nrf_drv_gpiote.o
 .text          0x00000000        0x0 _build/nrf_drv_uart.o
 .data          0x00000000        0x0 _build/nrf_drv_uart.o
 .bss           0x00000000        0x0 _build/nrf_drv_uart.o
 .text.nrf_drv_uart_init
                0x00000000      0x110 _build/nrf_drv_uart.o
 .text.nrf_drv_uart_uninit
                0x00000000       0xbc _build/nrf_drv_uart.o
 .text.nrf_drv_uart_tx
                0x00000000       0xb4 _build/nrf_drv_uart.o
 .text.nrf_drv_uart_rx
                0x00000000       0xf0 _build/nrf_drv_uart.o
 .text.nrf_drv_uart_rx_enable
                0x00000000       0x2c _build/nrf_drv_uart.o
 .text.nrf_drv_uart_rx_disable
                0x00000000       0x18 _build/nrf_drv_uart.o
 .text.nrf_drv_uart_errorsrc_get
                0x00000000       0x1c _build/nrf_drv_uart.o
 .text.nrf_drv_uart_tx_abort
                0x00000000       0x3c _build/nrf_drv_uart.o
 .text.nrf_drv_uart_rx_abort
                0x00000000       0x1c _build/nrf_drv_uart.o
 .rodata.m_default_config
                0x00000000       0x20 _build/nrf_drv_uart.o
 .text          0x00000000        0x0 _build/pstorage.o
 .data          0x00000000        0x0 _build/pstorage.o
 .bss           0x00000000        0x0 _build/pstorage.o
 .text          0x00000000        0x0 _build/main.o
 .data          0x00000000        0x0 _build/main.o
 .bss           0x00000000        0x0 _build/main.o
 .text          0x00000000        0x0 _build/ble_advdata.o
 .data          0x00000000        0x0 _build/ble_advdata.o
 .bss           0x00000000        0x0 _build/ble_advdata.o
 .text          0x00000000        0x0 _build/ble_advertising.o
 .data          0x00000000        0x0 _build/ble_advertising.o
 .bss           0x00000000        0x0 _build/ble_advertising.o
 .text.sd_ble_gap_adv_stop
                0x00000000        0x4 _build/ble_advertising.o
 .text.ble_advertising_peer_addr_reply
                0x00000000       0x3c _build/ble_advertising.o
 .text.ble_advertising_whitelist_reply
                0x00000000       0xd4 _build/ble_advertising.o
 .text.ble_advertising_restart_without_whitelist
                0x00000000       0x78 _build/ble_advertising.o
 .text          0x00000000        0x0 _build/ble_conn_params.o
 .data          0x00000000        0x0 _build/ble_conn_params.o
 .bss           0x00000000        0x0 _build/ble_conn_params.o
 .text.ble_conn_params_stop
                0x00000000       0x10 _build/ble_conn_params.o
 .text.ble_conn_params_change_conn_params
                0x00000000       0x70 _build/ble_conn_params.o
 .text          0x00000000        0x0 _build/ble_srv_common.o
 .data          0x00000000        0x0 _build/ble_srv_common.o
 .bss           0x00000000        0x0 _build/ble_srv_common.o
 .text.sd_ble_gatts_characteristic_add
                0x00000000        0x4 _build/ble_srv_common.o
 .text.sd_ble_gatts_descriptor_add
                0x00000000        0x4 _build/ble_srv_common.o
 .text.ble_srv_report_ref_encode
                0x00000000        0xc _build/ble_srv_common.o
 .text.ble_srv_ascii_to_utf8
                0x00000000       0x14 _build/ble_srv_common.o
 .text.characteristic_add
                0x00000000      0x368 _build/ble_srv_common.o
 .rodata.characteristic_add
                0x00000000       0x78 _build/ble_srv_common.o
 .text.descriptor_add
                0x00000000      0x15c _build/ble_srv_common.o
 .rodata.descriptor_add
                0x00000000       0x30 _build/ble_srv_common.o
 .comment       0x00000000       0x6f _build/ble_srv_common.o
 .ARM.attributes
                0x00000000       0x31 _build/ble_srv_common.o
 .text          0x00000000        0x0 _build/device_manager_peripheral.o
 .data          0x00000000        0x0 _build/device_manager_peripheral.o
 .bss           0x00000000        0x0 _build/device_manager_peripheral.o
 .text.sd_ble_gap_authenticate
                0x00000000        0x4 _build/device_manager_peripheral.o
 .text.dm_security_setup_req
                0x00000000       0x5c _build/device_manager_peripheral.o
 .text.dm_security_status_req
                0x00000000       0x74 _build/device_manager_peripheral.o
 .text.dm_whitelist_create
                0x00000000      0x264 _build/device_manager_peripheral.o
 .text.dm_device_add
                0x00000000        0x8 _build/device_manager_peripheral.o
 .text.dm_device_delete
                0x00000000       0xc4 _build/device_manager_peripheral.o
 .text.dm_device_delete_all
                0x00000000       0xcc _build/device_manager_peripheral.o
 .text.dm_service_context_set
                0x00000000       0xbc _build/device_manager_peripheral.o
 .text.dm_service_context_get
                0x00000000       0xd8 _build/device_manager_peripheral.o
 .text.dm_service_context_delete
                0x00000000       0x5c _build/device_manager_peripheral.o
 .text.dm_application_context_set
                0x00000000       0xe8 _build/device_manager_peripheral.o
 .text.dm_application_context_get
                0x00000000       0xc0 _build/device_manager_peripheral.o
 .text.dm_application_context_delete
                0x00000000       0xa4 _build/device_manager_peripheral.o
 .text.dm_application_instance_set
                0x00000000       0x3c _build/device_manager_peripheral.o
 .text.dm_handle_initialize
                0x00000000       0x1c _build/device_manager_peripheral.o
 .text.dm_peer_addr_set
                0x00000000       0xbc _build/device_manager_peripheral.o
 .text.dm_peer_addr_get
                0x00000000       0x88 _build/device_manager_peripheral.o
 .text.dm_distributed_keys_get
                0x00000000       0xbc _build/device_manager_peripheral.o
 .text.bond_data_load
                0x00000000       0x50 _build/device_manager_peripheral.o
 .text.dm_handle_get
                0x00000000       0x48 _build/device_manager_peripheral.o
 .bss.m_local_id_info
                0x00000000       0x17 _build/device_manager_peripheral.o
 .text          0x00000000        0x0 _build/system_nrf51.o
 .data          0x00000000        0x0 _build/system_nrf51.o
 .bss           0x00000000        0x0 _build/system_nrf51.o
 .text.SystemCoreClockUpdate
                0x00000000       0x10 _build/system_nrf51.o
 .data.SystemCoreClock
                0x00000000        0x4 _build/system_nrf51.o
 .text          0x00000000        0x0 _build/softdevice_handler.o
 .data          0x00000000        0x0 _build/softdevice_handler.o
 .bss           0x00000000        0x0 _build/softdevice_handler.o
 .text.sd_softdevice_disable
                0x00000000        0x4 _build/softdevice_handler.o
 .text.intern_softdevice_events_execute
                0x00000000       0x14 _build/softdevice_handler.o
 .text.softdevice_handler_isEnabled
                0x00000000        0xc _build/softdevice_handler.o
 .text.softdevice_handler_sd_disable
                0x00000000       0x18 _build/softdevice_handler.o
 .data          0x00000000        0x0 _build/gcc_startup_nrf51.o
 .bss           0x00000000        0x0 _build/gcc_startup_nrf51.o
 .ARM.extab     0x00000000        0x0 _build/gcc_startup_nrf51.o
 .data          0x00000000        0x0 c:/gccarm52/bin/../lib/gcc/arm-none-eabi/5.2.1/armv6-m\libgcc.a(_udivsi3.o)
 .bss           0x00000000        0x0 c:/gccarm52/bin/../lib/gcc/arm-none-eabi/5.2.1/armv6-m\libgcc.a(_udivsi3.o)
 .data          0x00000000        0x0 c:/gccarm52/bin/../lib/gcc/arm-none-eabi/5.2.1/armv6-m\libgcc.a(_divsi3.o)
 .bss           0x00000000        0x0 c:/gccarm52/bin/../lib/gcc/arm-none-eabi/5.2.1/armv6-m\libgcc.a(_divsi3.o)
 .data          0x00000000        0x0 c:/gccarm52/bin/../lib/gcc/arm-none-eabi/5.2.1/armv6-m\libgcc.a(_dvmd_tls.o)
 .bss           0x00000000        0x0 c:/gccarm52/bin/../lib/gcc/arm-none-eabi/5.2.1/armv6-m\libgcc.a(_dvmd_tls.o)
 .text          0x00000000        0x0 c:/gccarm52/bin/../lib/gcc/arm-none-eabi/5.2.1/../../../../arm-none-eabi/lib/armv6-m\libc_nano.a(lib_a-memcmp.o)
 .data          0x00000000        0x0 c:/gccarm52/bin/../lib/gcc/arm-none-eabi/5.2.1/../../../../arm-none-eabi/lib/armv6-m\libc_nano.a(lib_a-memcmp.o)
 .bss           0x00000000        0x0 c:/gccarm52/bin/../lib/gcc/arm-none-eabi/5.2.1/../../../../arm-none-eabi/lib/armv6-m\libc_nano.a(lib_a-memcmp.o)
 .text          0x00000000        0x0 c:/gccarm52/bin/../lib/gcc/arm-none-eabi/5.2.1/../../../../arm-none-eabi/lib/armv6-m\libc_nano.a(lib_a-memcpy-stub.o)
 .data          0x00000000        0x0 c:/gccarm52/bin/../lib/gcc/arm-none-eabi/5.2.1/../../../../arm-none-eabi/lib/armv6-m\libc_nano.a(lib_a-memcpy-stub.o)
 .bss           0x00000000        0x0 c:/gccarm52/bin/../lib/gcc/arm-none-eabi/5.2.1/../../../../arm-none-eabi/lib/armv6-m\libc_nano.a(lib_a-memcpy-stub.o)
 .data          0x00000000        0x0 c:/gccarm52/bin/../lib/gcc/arm-none-eabi/5.2.1/../../../../arm-none-eabi/lib/armv6-m\libc_nano.a(lib_a-strlen.o)
 .bss           0x00000000        0x0 c:/gccarm52/bin/../lib/gcc/arm-none-eabi/5.2.1/../../../../arm-none-eabi/lib/armv6-m\libc_nano.a(lib_a-strlen.o)
 .text          0x00000000        0x0 c:/gccarm52/bin/../lib/gcc/arm-none-eabi/5.2.1/armv6-m/crtend.o
 .data          0x00000000        0x0 c:/gccarm52/bin/../lib/gcc/arm-none-eabi/5.2.1/armv6-m/crtend.o
 .bss           0x00000000        0x0 c:/gccarm52/bin/../lib/gcc/arm-none-eabi/5.2.1/armv6-m/crtend.o
 .eh_frame      0x00000000        0x4 c:/gccarm52/bin/../lib/gcc/arm-none-eabi/5.2.1/armv6-m/crtend.o
 .jcr           0x00000000        0x4 c:/gccarm52/bin/../lib/gcc/arm-none-eabi/5.2.1/armv6-m/crtend.o
 .text          0x00000000        0x0 c:/gccarm52/bin/../lib/gcc/arm-none-eabi/5.2.1/armv6-m/crtn.o
 .data          0x00000000        0x0 c:/gccarm52/bin/../lib/gcc/arm-none-eabi/5.2.1/armv6-m/crtn.o
 .bss           0x00000000        0x0 c:/gccarm52/bin/../lib/gcc/arm-none-eabi/5.2.1/armv6-m/crtn.o

Memory Configuration

Name             Origin             Length             Attributes
FLASH            0x00018000         0x00028000         xr
RAM              0x20002000         0x00002000         xrw
*default*        0x00000000         0xffffffff

Linker script and memory map

LOAD c:/gccarm52/bin/../lib/gcc/arm-none-eabi/5.2.1/armv6-m/crti.o
LOAD c:/gccarm52/bin/../lib/gcc/arm-none-eabi/5.2.1/armv6-m/crtbegin.o
LOAD c:/gccarm52/bin/../lib/gcc/arm-none-eabi/5.2.1/../../../../arm-none-eabi/lib/armv6-m/crt0.o
LOAD c:/gccarm52/bin/../lib/gcc/arm-none-eabi/5.2.1/../../../../arm-none-eabi/lib/armv6-m\libc_nano.a
LOAD c:/gccarm52/bin/../lib/gcc/arm-none-eabi/5.2.1/../../../../arm-none-eabi/lib/armv6-m\libnosys.a
LOAD _build/app_button.o
LOAD _build/app_error.o
LOAD _build/app_timer.o
LOAD _build/app_trace.o
LOAD _build/nrf_assert.o
LOAD _build/retarget.o
LOAD _build/app_uart.o
LOAD _build/nrf_delay.o
LOAD _build/nrf_drv_common.o
LOAD _build/nrf_drv_gpiote.o
LOAD _build/nrf_drv_uart.o
LOAD _build/pstorage.o
LOAD _build/main.o
LOAD _build/ble_advdata.o
LOAD _build/ble_advertising.o
LOAD _build/ble_conn_params.o
LOAD _build/ble_srv_common.o
LOAD _build/device_manager_peripheral.o
LOAD _build/system_nrf51.o
LOAD _build/softdevice_handler.o
LOAD _build/gcc_startup_nrf51.o
START GROUP
LOAD c:/gccarm52/bin/../lib/gcc/arm-none-eabi/5.2.1/armv6-m\libgcc.a
LOAD c:/gccarm52/bin/../lib/gcc/arm-none-eabi/5.2.1/../../../../arm-none-eabi/lib/armv6-m\libc_nano.a
END GROUP
START GROUP
LOAD c:/gccarm52/bin/../lib/gcc/arm-none-eabi/5.2.1/armv6-m\libgcc.a
LOAD c:/gccarm52/bin/../lib/gcc/arm-none-eabi/5.2.1/../../../../arm-none-eabi/lib/armv6-m\libc_nano.a
END GROUP
LOAD c:/gccarm52/bin/../lib/gcc/arm-none-eabi/5.2.1/armv6-m/crtend.o
LOAD c:/gccarm52/bin/../lib/gcc/arm-none-eabi/5.2.1/armv6-m/crtn.o
START GROUP
LOAD c:/gccarm52/bin/../lib/gcc/arm-none-eabi/5.2.1/armv6-m\libgcc.a
LOAD c:/gccarm52/bin/../lib/gcc/arm-none-eabi/5.2.1/../../../../arm-none-eabi/lib/armv6-m\libc.a
LOAD c:/gccarm52/bin/../lib/gcc/arm-none-eabi/5.2.1/../../../../arm-none-eabi/lib/armv6-m\libnosys.a
END GROUP

.fs_data_out    0x00000000        0x0
                [!provide]                PROVIDE (__start_fs_data, .)
 *(fs_data)
                [!provide]                PROVIDE (__stop_fs_data, .)

.text           0x00018000     0x4d5c
 *(.Vectors)
 .Vectors       0x00018000       0xc0 _build/gcc_startup_nrf51.o
                0x00018000                __Vectors
 *(.text*)
 .text          0x000180c0       0xb4 c:/gccarm52/bin/../lib/gcc/arm-none-eabi/5.2.1/armv6-m/crtbegin.o
 .text          0x00018174       0x78 c:/gccarm52/bin/../lib/gcc/arm-none-eabi/5.2.1/../../../../arm-none-eabi/lib/armv6-m/crt0.o
                0x00018174                _start
                0x00018174                _mainCRTStartup
 .text.exit     0x000181ec       0x2c c:/gccarm52/bin/../lib/gcc/arm-none-eabi/5.2.1/../../../../arm-none-eabi/lib/armv6-m\libc_nano.a(lib_a-exit.o)
                0x000181ec                exit
 .text.__libc_init_array
                0x00018218       0x4c c:/gccarm52/bin/../lib/gcc/arm-none-eabi/5.2.1/../../../../arm-none-eabi/lib/armv6-m\libc_nano.a(lib_a-init.o)
                0x00018218                __libc_init_array
 .text.memset   0x00018264       0x10 c:/gccarm52/bin/../lib/gcc/arm-none-eabi/5.2.1/../../../../arm-none-eabi/lib/armv6-m\libc_nano.a(lib_a-memset.o)
                0x00018264                memset
 .text._exit    0x00018274        0x4 c:/gccarm52/bin/../lib/gcc/arm-none-eabi/5.2.1/../../../../arm-none-eabi/lib/armv6-m\libnosys.a(_exit.o)
                0x00018274                _exit
 .text.app_error_handler
                0x00018278       0x18 _build/app_error.o
                0x00018278                app_error_handler
 .text.rtc1_stop
                0x00018290       0x78 _build/app_timer.o
 .text.RTC1_IRQHandler
                0x00018308       0xe0 _build/app_timer.o
                0x00018308                RTC1_IRQHandler
 .text.SWI0_IRQHandler
                0x000183e8      0x4c0 _build/app_timer.o
                0x000183e8                SWI0_IRQHandler
 .text.app_timer_init
                0x000188a8       0xe4 _build/app_timer.o
                0x000188a8                app_timer_init
 .text.app_timer_create
                0x0001898c       0x34 _build/app_timer.o
                0x0001898c                app_timer_create
 .text.app_timer_start
                0x000189c0      0x108 _build/app_timer.o
                0x000189c0                app_timer_start
 .text.app_timer_stop
                0x00018ac8       0xd0 _build/app_timer.o
                0x00018ac8                app_timer_stop
 .text.GPIOTE_IRQHandler
                0x00018b98      0x3b0 _build/nrf_drv_gpiote.o
                0x00018b98                GPIOTE_IRQHandler
 .text.UART0_IRQHandler
                0x00018f48      0x16c _build/nrf_drv_uart.o
                0x00018f48                UART0_IRQHandler
 .text.sd_flash_write
                0x000190b4        0x4 _build/pstorage.o
 .text.sd_flash_page_erase
                0x000190b8        0x4 _build/pstorage.o
 .text.state_entry_action_run
                0x000190bc      0x184 _build/pstorage.o
 .text.clear_operation_execute
                0x00019240      0x194 _build/pstorage.o
 .text.tail_restore_state_run
                0x000193d4       0xb4 _build/pstorage.o
 .text.state_restore_head_entry_run
                0x00019488       0xb4 _build/pstorage.o
 .text.state_write_data_swap_entry_run
                0x0001953c       0xb0 _build/pstorage.o
 .text.state_restore_tail_entry_run
                0x000195ec       0xc4 _build/pstorage.o
 .text.data_to_swap_write_state_run
                0x000196b0       0xa4 _build/pstorage.o
 .text.state_swap_erase_entry_run
                0x00019754       0xa4 _build/pstorage.o
 .text.swap_erase_state_run
                0x000197f8       0xd8 _build/pstorage.o
 .text.head_restore_state_run
                0x000198d0      0x1c8 _build/pstorage.o
 .text.store_cmd_flash_write_execute
                0x00019a98      0x134 _build/pstorage.o
 .text.data_page_erase_state_run
                0x00019bcc      0x1f8 _build/pstorage.o
 .text.state_erase_data_page_entry_run
                0x00019dc4       0x70 _build/pstorage.o
 .text.unlikely.cmd_queue_enqueue
                0x00019e34       0x94 _build/pstorage.o
 .text.pstorage_sys_event_handler
                0x00019ec8      0x214 _build/pstorage.o
                0x00019ec8                pstorage_sys_event_handler
 .text.pstorage_init
                0x0001a0dc      0x154 _build/pstorage.o
                0x0001a0dc                pstorage_init
 .text.pstorage_register
                0x0001a230       0xe4 _build/pstorage.o
                0x0001a230                pstorage_register
 .text.pstorage_block_identifier_get
                0x0001a314       0x58 _build/pstorage.o
                0x0001a314                pstorage_block_identifier_get
 .text.pstorage_store
                0x0001a36c       0x8c _build/pstorage.o
                0x0001a36c                pstorage_store
 .text.pstorage_update
                0x0001a3f8       0x8c _build/pstorage.o
                0x0001a3f8                pstorage_update
 .text.pstorage_load
                0x0001a484       0xb4 _build/pstorage.o
                0x0001a484                pstorage_load
 .text.pstorage_clear
                0x0001a538       0xa4 _build/pstorage.o
                0x0001a538                pstorage_clear
 .text.pstorage_access_status_get
                0x0001a5dc       0x28 _build/pstorage.o
                0x0001a5dc                pstorage_access_status_get
 .text.sd_ble_gap_disconnect
                0x0001a604        0x4 _build/main.o
 .text.sd_ble_gap_ppcp_set
                0x0001a608        0x4 _build/main.o
 .text.sd_ble_gap_device_name_set
                0x0001a60c        0x4 _build/main.o
 .text.sd_ble_enable
                0x0001a610        0x4 _build/main.o
 .text.sd_power_system_off
                0x0001a614        0x4 _build/main.o
 .text.sd_app_evt_wait
                0x0001a618        0x4 _build/main.o
 .text.on_adv_evt
                0x0001a61c       0x1c _build/main.o
 .text.conn_params_error_handler
                0x0001a638        0xc _build/main.o
 .text.sys_evt_dispatch
                0x0001a644       0x10 _build/main.o
 .text.ble_evt_dispatch
                0x0001a654       0x34 _build/main.o
 .text.device_manager_evt_handler
                0x0001a688       0x14 _build/main.o
 .text.on_conn_params_evt
                0x0001a69c       0x28 _build/main.o
 .text.assert_nrf_callback
                0x0001a6c4       0x14 _build/main.o
                0x0001a6c4                assert_nrf_callback
 .text.startup.main
                0x0001a6d8      0x21c _build/main.o
                0x0001a6d8                main
 .text.sd_ble_gap_address_get
                0x0001a8f4        0x4 _build/ble_advdata.o
 .text.sd_ble_gap_adv_data_set
                0x0001a8f8        0x4 _build/ble_advdata.o
 .text.sd_ble_gap_appearance_get
                0x0001a8fc        0x4 _build/ble_advdata.o
 .text.sd_ble_gap_device_name_get
                0x0001a900        0x4 _build/ble_advdata.o
 .text.sd_ble_uuid_encode
                0x0001a904        0x4 _build/ble_advdata.o
 .text.uuid_list_sized_encode
                0x0001a908       0xf8 _build/ble_advdata.o
 .text.adv_data_encode
                0x0001aa00      0x5b8 _build/ble_advdata.o
                0x0001aa00                adv_data_encode
 .text.ble_advdata_set
                0x0001afb8       0x68 _build/ble_advdata.o
                0x0001afb8                ble_advdata_set
 .text.sd_ble_gap_adv_start
                0x0001b020        0x4 _build/ble_advertising.o
 .text.ble_advertising_start.part.1
                0x0001b024      0x294 _build/ble_advertising.o
 .text.ble_advertising_init
                0x0001b2b8      0x144 _build/ble_advertising.o
                0x0001b2b8                ble_advertising_init
 .text.ble_advertising_start
                0x0001b3fc       0x3c _build/ble_advertising.o
                0x0001b3fc                ble_advertising_start
 .text.ble_advertising_on_ble_evt
                0x0001b438       0xec _build/ble_advertising.o
                0x0001b438                ble_advertising_on_ble_evt
 .text.ble_advertising_on_sys_evt
                0x0001b524       0x54 _build/ble_advertising.o
                0x0001b524                ble_advertising_on_sys_evt
 .text.sd_ble_gap_conn_param_update
                0x0001b578        0x4 _build/ble_conn_params.o
 .text.sd_ble_gap_disconnect
                0x0001b57c        0x4 _build/ble_conn_params.o
 .text.sd_ble_gap_ppcp_set
                0x0001b580        0x4 _build/ble_conn_params.o
 .text.sd_ble_gap_ppcp_get
                0x0001b584        0x4 _build/ble_conn_params.o
 .text.update_timeout_handler
                0x0001b588       0x78 _build/ble_conn_params.o
 .text.conn_params_negotiation
                0x0001b600       0x88 _build/ble_conn_params.o
 .text.ble_conn_params_init
                0x0001b688       0x78 _build/ble_conn_params.o
                0x0001b688                ble_conn_params_init
 .text.ble_conn_params_on_ble_evt
                0x0001b700       0xac _build/ble_conn_params.o
                0x0001b700                ble_conn_params_on_ble_evt
 .text.sd_ble_gap_sec_params_reply
                0x0001b7ac        0x4 _build/device_manager_peripheral.o
 .text.sd_ble_gap_sec_info_reply
                0x0001b7b0        0x4 _build/device_manager_peripheral.o
 .text.sd_ble_gatts_service_changed
                0x0001b7b4        0x4 _build/device_manager_peripheral.o
 .text.sd_ble_gatts_sys_attr_set
                0x0001b7b8        0x4 _build/device_manager_peripheral.o
 .text.sd_ble_gatts_sys_attr_get
                0x0001b7bc        0x4 _build/device_manager_peripheral.o
 .text.storage_operation_dummy_handler
                0x0001b7c0        0x4 _build/device_manager_peripheral.o
 .text.gattc_context_load
                0x0001b7c4        0x4 _build/device_manager_peripheral.o
 .text.gattc_context_apply
                0x0001b7c8        0x4 _build/device_manager_peripheral.o
 .text.gatts_context_apply
                0x0001b7cc       0xe4 _build/device_manager_peripheral.o
 .text.gatts_context_store
                0x0001b8b0       0xd4 _build/device_manager_peripheral.o
 .text.gatts_context_load
                0x0001b984       0x3c _build/device_manager_peripheral.o
 .text.dm_pstorage_cb_handler
                0x0001b9c0      0x168 _build/device_manager_peripheral.o
 .text.no_service_context_load
                0x0001bb28        0x4 _build/device_manager_peripheral.o
 .text.no_service_context_store
                0x0001bb2c        0x4 _build/device_manager_peripheral.o
 .text.gattc_context_store
                0x0001bb30        0x4 _build/device_manager_peripheral.o
 .text.no_service_context_apply
                0x0001bb34        0x4 _build/device_manager_peripheral.o
 .text.gattsc_context_load
                0x0001bb38       0x3c _build/device_manager_peripheral.o
 .text.gattsc_context_apply
                0x0001bb74       0xe4 _build/device_manager_peripheral.o
 .text.gattsc_context_store
                0x0001bc58       0xd4 _build/device_manager_peripheral.o
 .text.dm_init  0x0001bd2c      0x148 _build/device_manager_peripheral.o
                0x0001bd2c                dm_init
 .text.dm_register
                0x0001be74       0x7c _build/device_manager_peripheral.o
                0x0001be74                dm_register
 .text.dm_ble_evt_handler
                0x0001bef0      0x71c _build/device_manager_peripheral.o
                0x0001bef0                dm_ble_evt_handler
 .text.SystemInit
                0x0001c60c       0x94 _build/system_nrf51.o
                0x0001c60c                SystemInit
 .text.sd_nvic_EnableIRQ
                0x0001c6a0        0x4 _build/softdevice_handler.o
 .text.sd_evt_get
                0x0001c6a4        0x4 _build/softdevice_handler.o
 .text.sd_softdevice_enable
                0x0001c6a8        0x4 _build/softdevice_handler.o
 .text.sd_ble_evt_get
                0x0001c6ac        0x4 _build/softdevice_handler.o
 .text.softdevice_assertion_handler
                0x0001c6b0        0xc _build/softdevice_handler.o
                0x0001c6b0                softdevice_assertion_handler
 .text.intern_softdevice_events_execute.part.0
                0x0001c6bc       0xec _build/softdevice_handler.o
 .text.softdevice_handler_init
                0x0001c7a8       0x4c _build/softdevice_handler.o
                0x0001c7a8                softdevice_handler_init
 .text.softdevice_ble_evt_handler_set
                0x0001c7f4       0x14 _build/softdevice_handler.o
                0x0001c7f4                softdevice_ble_evt_handler_set
 .text.softdevice_sys_evt_handler_set
                0x0001c808       0x14 _build/softdevice_handler.o
                0x0001c808                softdevice_sys_evt_handler_set
 .text.SWI2_IRQHandler
                0x0001c81c       0x34 _build/softdevice_handler.o
                0x0001c81c                SWI2_IRQHandler
 .text          0x0001c850       0x54 _build/gcc_startup_nrf51.o
                0x0001c850                Reset_Handler
                0x0001c898                NMI_Handler
                0x0001c89a                HardFault_Handler
                0x0001c89c                SVC_Handler
                0x0001c89e                PendSV_Handler
                0x0001c8a0                SysTick_Handler
                0x0001c8a2                RTC0_IRQHandler
                0x0001c8a2                POWER_CLOCK_IRQHandler
                0x0001c8a2                SPI0_TWI0_IRQHandler
                0x0001c8a2                LPCOMP_IRQHandler
                0x0001c8a2                SWI4_IRQHandler
                0x0001c8a2                TEMP_IRQHandler
                0x0001c8a2                QDEC_IRQHandler
                0x0001c8a2                SWI5_IRQHandler
                0x0001c8a2                TIMER0_IRQHandler
                0x0001c8a2                RADIO_IRQHandler
                0x0001c8a2                TIMER1_IRQHandler
                0x0001c8a2                ECB_IRQHandler
                0x0001c8a2                Default_Handler
                0x0001c8a2                ADC_IRQHandler
                0x0001c8a2                SWI3_IRQHandler
                0x0001c8a2                CCM_AAR_IRQHandler
                0x0001c8a2                WDT_IRQHandler
                0x0001c8a2                TIMER2_IRQHandler
                0x0001c8a2                RNG_IRQHandler
                0x0001c8a2                SPI1_TWI1_IRQHandler
                0x0001c8a2                SWI1_IRQHandler
 .text          0x0001c8a4      0x114 c:/gccarm52/bin/../lib/gcc/arm-none-eabi/5.2.1/armv6-m\libgcc.a(_udivsi3.o)
                0x0001c8a4                __aeabi_uidiv
                0x0001c8a4                __udivsi3
                0x0001c9b0                __aeabi_uidivmod
 .text          0x0001c9b8      0x1d4 c:/gccarm52/bin/../lib/gcc/arm-none-eabi/5.2.1/armv6-m\libgcc.a(_divsi3.o)
                0x0001c9b8                __divsi3
                0x0001c9b8                __aeabi_idiv
                0x0001cb84                __aeabi_idivmod
 .text          0x0001cb8c        0x4 c:/gccarm52/bin/../lib/gcc/arm-none-eabi/5.2.1/armv6-m\libgcc.a(_dvmd_tls.o)
                0x0001cb8c                __aeabi_idiv0
                0x0001cb8c                __aeabi_ldiv0
 .text.memcmp   0x0001cb90       0x1e c:/gccarm52/bin/../lib/gcc/arm-none-eabi/5.2.1/../../../../arm-none-eabi/lib/armv6-m\libc_nano.a(lib_a-memcmp.o)
                0x0001cb90                memcmp
 .text.memcpy   0x0001cbae       0x12 c:/gccarm52/bin/../lib/gcc/arm-none-eabi/5.2.1/../../../../arm-none-eabi/lib/armv6-m\libc_nano.a(lib_a-memcpy-stub.o)
                0x0001cbae                memcpy
 .text          0x0001cbc0        0xe c:/gccarm52/bin/../lib/gcc/arm-none-eabi/5.2.1/../../../../arm-none-eabi/lib/armv6-m\libc_nano.a(lib_a-strlen.o)
                0x0001cbc0                strlen
 *(.init)
 *fill*         0x0001cbce        0x2 
 .init          0x0001cbd0        0x4 c:/gccarm52/bin/../lib/gcc/arm-none-eabi/5.2.1/armv6-m/crti.o
                0x0001cbd0                _init
 .init          0x0001cbd4        0x8 c:/gccarm52/bin/../lib/gcc/arm-none-eabi/5.2.1/armv6-m/crtn.o
 *(.fini)
 .fini          0x0001cbdc        0x4 c:/gccarm52/bin/../lib/gcc/arm-none-eabi/5.2.1/armv6-m/crti.o
                0x0001cbdc                _fini
 .fini          0x0001cbe0        0x8 c:/gccarm52/bin/../lib/gcc/arm-none-eabi/5.2.1/armv6-m/crtn.o
 *crtbegin.o(.ctors)
 *crtbegin?.o(.ctors)
 *(EXCLUDE_FILE(*crtend.o *crtend?.o) .ctors)
 *(SORT(.ctors.*))
 *(.ctors)
 *crtbegin.o(.dtors)
 *crtbegin?.o(.dtors)
 *(EXCLUDE_FILE(*crtend.o *crtend?.o) .dtors)
 *(SORT(.dtors.*))
 *(.dtors)
 *(.rodata*)
 .rodata.str1.1
                0x0001cbe8        0x2 c:/gccarm52/bin/../lib/gcc/arm-none-eabi/5.2.1/../../../../arm-none-eabi/lib/armv6-m\libc_nano.a(lib_a-impure.o)
 *fill*         0x0001cbea        0x2 
 .rodata._global_impure_ptr
                0x0001cbec        0x4 c:/gccarm52/bin/../lib/gcc/arm-none-eabi/5.2.1/../../../../arm-none-eabi/lib/armv6-m\libc_nano.a(lib_a-impure.o)
                0x0001cbec                _global_impure_ptr
 .rodata.swap_sub_state_sm_lut.6032
                0x0001cbf0       0x14 _build/pstorage.o
 .rodata.swap_sub_state_sm_lut.5957
                0x0001cc04       0x14 _build/pstorage.o
 .rodata.str1.4
                0x0001cc18        0x4 _build/main.o
                                  0x3 (size before relaxing)
 .rodata.m_conn_params_timer_id
                0x0001cc1c        0x4 _build/ble_conn_params.o
 .rodata.dm_ble_evt_handler
                0x0001cc20      0x108 _build/device_manager_peripheral.o
 .rodata.m_service_context_store
                0x0001cd28       0x10 _build/device_manager_peripheral.o
                0x0001cd28                m_service_context_store
 .rodata.m_service_context_load
                0x0001cd38       0x10 _build/device_manager_peripheral.o
                0x0001cd38                m_service_context_load
 .rodata.m_service_context_apply
                0x0001cd48       0x10 _build/device_manager_peripheral.o
                0x0001cd48                m_service_context_apply
 .rodata.m_context_init_len
                0x0001cd58        0x4 _build/device_manager_peripheral.o
                0x0001cd58                m_context_init_len
 *(.eh_frame*)
 .eh_frame      0x0001cd5c        0x0 c:/gccarm52/bin/../lib/gcc/arm-none-eabi/5.2.1/armv6-m/crtbegin.o
                0x0001cd5c                . = ALIGN (0x4)

.glue_7         0x0001cd5c        0x0
 .glue_7        0x0001cd5c        0x0 linker stubs

.glue_7t        0x0001cd5c        0x0
 .glue_7t       0x0001cd5c        0x0 linker stubs

.vfp11_veneer   0x0001cd5c        0x0
 .vfp11_veneer  0x0001cd5c        0x0 linker stubs

.v4_bx          0x0001cd5c        0x0
 .v4_bx         0x0001cd5c        0x0 linker stubs

.iplt           0x0001cd5c        0x0
 .iplt          0x0001cd5c        0x0 c:/gccarm52/bin/../lib/gcc/arm-none-eabi/5.2.1/armv6-m/crtbegin.o

.ARM.extab      0x0001cd5c        0x0
 *(.ARM.extab* .gnu.linkonce.armextab.*)
                0x0001cd5c                . = ALIGN (0x4)
                0x0001cd5c                __exidx_start = .

.ARM.exidx      0x0001cd5c        0x8
 *(.ARM.exidx* .gnu.linkonce.armexidx.*)
 .ARM.exidx     0x0001cd5c        0x8 c:/gccarm52/bin/../lib/gcc/arm-none-eabi/5.2.1/../../../../arm-none-eabi/lib/armv6-m/crt0.o
 .ARM.exidx     0x0001cd64        0x0 _build/gcc_startup_nrf51.o
                                  0x8 (size before relaxing)
                0x0001cd64                . = ALIGN (0x4)
                0x0001cd64                __exidx_end = .
                0x0001cd64                __etext = .

.rel.dyn        0x0001cd64        0x0
 .rel.iplt      0x0001cd64        0x0 c:/gccarm52/bin/../lib/gcc/arm-none-eabi/5.2.1/armv6-m/crtbegin.o

.data           0x20002000       0x70 load address 0x0001cd64
                0x20002000                __data_start__ = .
 *(vtable)
 *(.data*)
 .data.impure_data
                0x20002000       0x60 c:/gccarm52/bin/../lib/gcc/arm-none-eabi/5.2.1/../../../../arm-none-eabi/lib/armv6-m\libc_nano.a(lib_a-impure.o)
 .data.m_adv_uuids
                0x20002060        0x4 _build/main.o
 .data.m_conn_handle
                0x20002064        0x2 _build/main.o
 .data.current_slave_link_conn_handle.7262
                0x20002066        0x2 _build/ble_advertising.o
                0x20002068                . = ALIGN (0x4)
                0x20002068                PROVIDE (__preinit_array_start, .)
 *(.preinit_array)
                0x20002068                PROVIDE (__preinit_array_end, .)
                0x20002068                . = ALIGN (0x4)
                0x20002068                PROVIDE (__init_array_start, .)
 *(SORT(.init_array.*))
 *(.init_array)
 .init_array    0x20002068        0x4 c:/gccarm52/bin/../lib/gcc/arm-none-eabi/5.2.1/armv6-m/crtbegin.o
                0x2000206c                PROVIDE (__init_array_end, .)
                0x2000206c                . = ALIGN (0x4)
                [!provide]                PROVIDE (__fini_array_start, .)
 *(SORT(.fini_array.*))
 *(.fini_array)
 .fini_array    0x2000206c        0x4 c:/gccarm52/bin/../lib/gcc/arm-none-eabi/5.2.1/armv6-m/crtbegin.o
                [!provide]                PROVIDE (__fini_array_end, .)
 *(.jcr)
 .jcr           0x20002070        0x0 c:/gccarm52/bin/../lib/gcc/arm-none-eabi/5.2.1/armv6-m/crtbegin.o
                0x20002070                . = ALIGN (0x4)
                0x20002070                __data_end__ = .

.tm_clone_table
                0x20002070        0x0 load address 0x0001cdd4
 .tm_clone_table
                0x20002070        0x0 c:/gccarm52/bin/../lib/gcc/arm-none-eabi/5.2.1/armv6-m/crtbegin.o
 .tm_clone_table
                0x20002070        0x0 c:/gccarm52/bin/../lib/gcc/arm-none-eabi/5.2.1/armv6-m/crtend.o

.igot.plt       0x20002070        0x0 load address 0x0001cdd4
 .igot.plt      0x20002070        0x0 c:/gccarm52/bin/../lib/gcc/arm-none-eabi/5.2.1/armv6-m/crtbegin.o

.bss            0x20002070      0x698 load address 0x0001cdd4
                0x20002070                . = ALIGN (0x4)
                0x20002070                __bss_start__ = .
 *(.bss*)
 .bss           0x20002070       0x1c c:/gccarm52/bin/../lib/gcc/arm-none-eabi/5.2.1/armv6-m/crtbegin.o
 .bss.m_ticks_latest
                0x2000208c        0x4 _build/app_timer.o
 .bss.mp_timer_id_head
                0x20002090        0x4 _build/app_timer.o
 .bss.m_evt_schedule_func
                0x20002094        0x4 _build/app_timer.o
 .bss.m_user_array_size
                0x20002098        0x1 _build/app_timer.o
 *fill*         0x20002099        0x3 
 .bss.mp_users  0x2000209c        0x4 _build/app_timer.o
 .bss.m_ticks_elapsed_q_read_ind
                0x200020a0        0x1 _build/app_timer.o
 .bss.m_ticks_elapsed_q_write_ind
                0x200020a1        0x1 _build/app_timer.o
 .bss.m_rtc1_reset
                0x200020a2        0x1 _build/app_timer.o
 *fill*         0x200020a3        0x1 
 .bss.m_ticks_elapsed
                0x200020a4        0x8 _build/app_timer.o
 .bss.m_rtc1_running
                0x200020ac        0x1 _build/app_timer.o
 *fill*         0x200020ad        0x3 
 .bss.m_cb      0x200020b0       0x48 _build/nrf_drv_gpiote.o
 .bss.m_cb      0x200020f8       0x18 _build/nrf_drv_uart.o
 .bss.m_cmd_queue
                0x20002110       0xcc _build/pstorage.o
 .bss.m_current_page_id
                0x200021dc        0x4 _build/pstorage.o
 .bss.m_tail_word_size
                0x200021e0        0x4 _build/pstorage.o
 .bss.m_num_of_bytes_written
                0x200021e4        0x4 _build/pstorage.o
 .bss.m_next_app_instance
                0x200021e8        0x2 _build/pstorage.o
 .bss.m_state   0x200021ea        0x1 _build/pstorage.o
 .bss.m_swap_sub_state
                0x200021eb        0x1 _build/pstorage.o
 .bss.m_head_word_size
                0x200021ec        0x4 _build/pstorage.o
 .bss.m_next_page_addr
                0x200021f0        0x4 _build/pstorage.o
 .bss.m_app_data_size
                0x200021f4        0x4 _build/pstorage.o
 .bss.m_flags   0x200021f8        0x4 _build/pstorage.o
 .bss.m_num_of_command_retries
                0x200021fc        0x4 _build/pstorage.o
 .bss.m_app_table
                0x20002200       0x18 _build/pstorage.o
 .bss.BLE_EVT_BUFFER.8285
                0x20002218       0x48 _build/main.o
 .bss.m_app_handle
                0x20002260        0x1 _build/main.o
 *fill*         0x20002261        0x3 
 .bss.APP_TIMER_BUF.8221
                0x20002264      0x1c8 _build/main.o
 .bss.m_advdata
                0x2000242c       0x38 _build/ble_advertising.o
 .bss.m_manuf_specific_data
                0x20002464        0xc _build/ble_advertising.o
 .bss.m_evt_handler
                0x20002470        0x4 _build/ble_advertising.o
 .bss.m_advertising_start_pending
                0x20002474        0x1 _build/ble_advertising.o
 *fill*         0x20002475        0x3 
 .bss.m_manuf_data_array
                0x20002478       0x1f _build/ble_advertising.o
 .bss.m_whitelist_temporarily_disabled
                0x20002497        0x1 _build/ble_advertising.o
 .bss.m_error_handler
                0x20002498        0x4 _build/ble_advertising.o
 .bss.m_peer_address
                0x2000249c        0x7 _build/ble_advertising.o
 *fill*         0x200024a3        0x1 
 .bss.m_adv_modes_config
                0x200024a4       0x24 _build/ble_advertising.o
 .bss.mp_whitelist_addr
                0x200024c8       0x20 _build/ble_advertising.o
 .bss.m_tx_power_level
                0x200024e8        0x1 _build/ble_advertising.o
 *fill*         0x200024e9        0x3 
 .bss.m_whitelist
                0x200024ec       0x10 _build/ble_advertising.o
 .bss.m_service_data_array
                0x200024fc       0x1f _build/ble_advertising.o
 .bss.m_whitelist_reply_expected
                0x2000251b        0x1 _build/ble_advertising.o
 .bss.mp_whitelist_irk
                0x2000251c       0x20 _build/ble_advertising.o
 .bss.m_adv_mode_current
                0x2000253c        0x1 _build/ble_advertising.o
 .bss.m_peer_addr_reply_expected
                0x2000253d        0x1 _build/ble_advertising.o
 *fill*         0x2000253e        0x2 
 .bss.m_slave_conn_int
                0x20002540        0x4 _build/ble_advertising.o
 .bss.m_service_data
                0x20002544        0xc _build/ble_advertising.o
 .bss.m_adv_evt
                0x20002550        0x1 _build/ble_advertising.o
 .bss.m_change_param
                0x20002551        0x1 _build/ble_conn_params.o
 *fill*         0x20002552        0x2 
 .bss.m_current_conn_params
                0x20002554        0x8 _build/ble_conn_params.o
 .bss.m_update_count
                0x2000255c        0x1 _build/ble_conn_params.o
 *fill*         0x2000255d        0x3 
 .bss.m_conn_params_config
                0x20002560       0x1c _build/ble_conn_params.o
 .bss.m_conn_params_timer_id_data
                0x2000257c       0x20 _build/ble_conn_params.o
 .bss.m_conn_handle
                0x2000259c        0x2 _build/ble_conn_params.o
 *fill*         0x2000259e        0x2 
 .bss.m_preferred_conn_params
                0x200025a0        0x8 _build/ble_conn_params.o
 .bss.m_app_context_table
                0x200025a8       0x1c _build/device_manager_peripheral.o
 .bss.m_irk_index_table
                0x200025c4        0x7 _build/device_manager_peripheral.o
 .bss.m_module_initialized
                0x200025cb        0x1 _build/device_manager_peripheral.o
 .bss.m_connection_table
                0x200025cc        0xc _build/device_manager_peripheral.o
 .bss.m_peer_table
                0x200025d8       0xc4 _build/device_manager_peripheral.o
 .bss.m_storage_handle
                0x2000269c        0x8 _build/device_manager_peripheral.o
 .bss.m_bond_table
                0x200026a4       0x1c _build/device_manager_peripheral.o
 .bss.m_gatts_table
                0x200026c0       0x24 _build/device_manager_peripheral.o
 .bss.m_peer_addr_update
                0x200026e4        0x4 _build/device_manager_peripheral.o
 .bss.m_application_table
                0x200026e8        0xc _build/device_manager_peripheral.o
 .bss.m_softdevice_enabled
                0x200026f4        0x1 _build/softdevice_handler.o
 *fill*         0x200026f5        0x1 
 .bss.m_ble_evt_buffer_size
                0x200026f6        0x2 _build/softdevice_handler.o
 .bss.mp_ble_evt_buffer
                0x200026f8        0x4 _build/softdevice_handler.o
 .bss.m_sys_evt_handler
                0x200026fc        0x4 _build/softdevice_handler.o
 .bss.m_ble_evt_handler
                0x20002700        0x4 _build/softdevice_handler.o
 .bss.m_evt_schedule_func
                0x20002704        0x4 _build/softdevice_handler.o
 *(COMMON)
                0x20002708                . = ALIGN (0x4)
                0x20002708                __bss_end__ = .

.heap           0x20002708      0x800
                0x20002708                __end__ = .
                0x20002708                end = __end__
 *(.heap*)
 .heap          0x20002708      0x800 _build/gcc_startup_nrf51.o
                0x20002708                __HeapBase
                0x20002f08                __HeapLimit = .

.stack_dummy    0x20002708      0x800
 *(.stack*)
 .stack         0x20002708      0x800 _build/gcc_startup_nrf51.o
                0x20004000                __StackTop = (ORIGIN (RAM) + LENGTH (RAM))
                0x20003800                __StackLimit = (__StackTop - SIZEOF (.stack_dummy))
                0x20004000                PROVIDE (__stack, __StackTop)
                0x00000001                ASSERT ((__StackLimit >= __HeapLimit), region RAM overflowed with stack)
OUTPUT(_build/ble-mon.out elf32-littlearm)

.ARM.attributes
                0x00000000       0x28
 .ARM.attributes
                0x00000000       0x1e c:/gccarm52/bin/../lib/gcc/arm-none-eabi/5.2.1/armv6-m/crti.o
 .ARM.attributes
                0x0000001e       0x2c c:/gccarm52/bin/../lib/gcc/arm-none-eabi/5.2.1/armv6-m/crtbegin.o
 .ARM.attributes
                0x0000004a       0x1b c:/gccarm52/bin/../lib/gcc/arm-none-eabi/5.2.1/../../../../arm-none-eabi/lib/armv6-m/crt0.o
 .ARM.attributes
                0x00000065       0x2c c:/gccarm52/bin/../lib/gcc/arm-none-eabi/5.2.1/../../../../arm-none-eabi/lib/armv6-m\libc_nano.a(lib_a-exit.o)
 .ARM.attributes
                0x00000091       0x2c c:/gccarm52/bin/../lib/gcc/arm-none-eabi/5.2.1/../../../../arm-none-eabi/lib/armv6-m\libc_nano.a(lib_a-impure.o)
 .ARM.attributes
                0x000000bd       0x2c c:/gccarm52/bin/../lib/gcc/arm-none-eabi/5.2.1/../../../../arm-none-eabi/lib/armv6-m\libc_nano.a(lib_a-init.o)
 .ARM.attributes
                0x000000e9       0x2c c:/gccarm52/bin/../lib/gcc/arm-none-eabi/5.2.1/../../../../arm-none-eabi/lib/armv6-m\libc_nano.a(lib_a-memset.o)
 .ARM.attributes
                0x00000115       0x2c c:/gccarm52/bin/../lib/gcc/arm-none-eabi/5.2.1/../../../../arm-none-eabi/lib/armv6-m\libnosys.a(_exit.o)
 .ARM.attributes
                0x00000141       0x31 _build/app_error.o
 .ARM.attributes
                0x00000172       0x31 _build/app_timer.o
 .ARM.attributes
                0x000001a3       0x31 _build/nrf_drv_gpiote.o
 .ARM.attributes
                0x000001d4       0x31 _build/nrf_drv_uart.o
 .ARM.attributes
                0x00000205       0x31 _build/pstorage.o
 .ARM.attributes
                0x00000236       0x31 _build/main.o
 .ARM.attributes
                0x00000267       0x31 _build/ble_advdata.o
 .ARM.attributes
                0x00000298       0x31 _build/ble_advertising.o
 .ARM.attributes
                0x000002c9       0x31 _build/ble_conn_params.o
 .ARM.attributes
                0x000002fa       0x31 _build/device_manager_peripheral.o
 .ARM.attributes
                0x0000032b       0x31 _build/system_nrf51.o
 .ARM.attributes
                0x0000035c       0x31 _build/softdevice_handler.o
 .ARM.attributes
                0x0000038d       0x1b _build/gcc_startup_nrf51.o
 .ARM.attributes
                0x000003a8       0x1e c:/gccarm52/bin/../lib/gcc/arm-none-eabi/5.2.1/armv6-m\libgcc.a(_udivsi3.o)
 .ARM.attributes
                0x000003c6       0x1e c:/gccarm52/bin/../lib/gcc/arm-none-eabi/5.2.1/armv6-m\libgcc.a(_divsi3.o)
 .ARM.attributes
                0x000003e4       0x1e c:/gccarm52/bin/../lib/gcc/arm-none-eabi/5.2.1/armv6-m\libgcc.a(_dvmd_tls.o)
 .ARM.attributes
                0x00000402       0x2c c:/gccarm52/bin/../lib/gcc/arm-none-eabi/5.2.1/../../../../arm-none-eabi/lib/armv6-m\libc_nano.a(lib_a-memcmp.o)
 .ARM.attributes
                0x0000042e       0x2c c:/gccarm52/bin/../lib/gcc/arm-none-eabi/5.2.1/../../../../arm-none-eabi/lib/armv6-m\libc_nano.a(lib_a-memcpy-stub.o)
 .ARM.attributes
                0x0000045a       0x1c c:/gccarm52/bin/../lib/gcc/arm-none-eabi/5.2.1/../../../../arm-none-eabi/lib/armv6-m\libc_nano.a(lib_a-strlen.o)
 .ARM.attributes
                0x00000476       0x2c c:/gccarm52/bin/../lib/gcc/arm-none-eabi/5.2.1/armv6-m/crtend.o
 .ARM.attributes
                0x000004a2       0x1e c:/gccarm52/bin/../lib/gcc/arm-none-eabi/5.2.1/armv6-m/crtn.o

.comment        0x00000000       0x6e
 .comment       0x00000000       0x6e _build/app_error.o
                                 0x6f (size before relaxing)
 .comment       0x0000006e       0x6f _build/app_timer.o
 .comment       0x0000006e       0x6f _build/nrf_drv_gpiote.o
 .comment       0x0000006e       0x6f _build/nrf_drv_uart.o
 .comment       0x0000006e       0x6f _build/pstorage.o
 .comment       0x0000006e       0x6f _build/main.o
 .comment       0x0000006e       0x6f _build/ble_advdata.o
 .comment       0x0000006e       0x6f _build/ble_advertising.o
 .comment       0x0000006e       0x6f _build/ble_conn_params.o
 .comment       0x0000006e       0x6f _build/device_manager_peripheral.o
 .comment       0x0000006e       0x6f _build/system_nrf51.o
 .comment       0x0000006e       0x6f _build/softdevice_handler.o

.debug_frame    0x00000000      0x128
 .debug_frame   0x00000000       0x28 c:/gccarm52/bin/../lib/gcc/arm-none-eabi/5.2.1/../../../../arm-none-eabi/lib/armv6-m\libc_nano.a(lib_a-exit.o)
 .debug_frame   0x00000028       0x2c c:/gccarm52/bin/../lib/gcc/arm-none-eabi/5.2.1/../../../../arm-none-eabi/lib/armv6-m\libc_nano.a(lib_a-init.o)
 .debug_frame   0x00000054       0x20 c:/gccarm52/bin/../lib/gcc/arm-none-eabi/5.2.1/../../../../arm-none-eabi/lib/armv6-m\libc_nano.a(lib_a-memset.o)
 .debug_frame   0x00000074       0x20 c:/gccarm52/bin/../lib/gcc/arm-none-eabi/5.2.1/../../../../arm-none-eabi/lib/armv6-m\libnosys.a(_exit.o)
 .debug_frame   0x00000094       0x20 c:/gccarm52/bin/../lib/gcc/arm-none-eabi/5.2.1/armv6-m\libgcc.a(_udivsi3.o)
 .debug_frame   0x000000b4       0x20 c:/gccarm52/bin/../lib/gcc/arm-none-eabi/5.2.1/armv6-m\libgcc.a(_divsi3.o)
 .debug_frame   0x000000d4       0x2c c:/gccarm52/bin/../lib/gcc/arm-none-eabi/5.2.1/../../../../arm-none-eabi/lib/armv6-m\libc_nano.a(lib_a-memcmp.o)
 .debug_frame   0x00000100       0x28 c:/gccarm52/bin/../lib/gcc/arm-none-eabi/5.2.1/../../../../arm-none-eabi/lib/armv6-m\libc_nano.a(lib_a-memcpy-stub.o)
